// Jest Snapshot v1, https://goo.gl/fbAQLP

exports[`Check if Hotel page renders correctly 1`] = `
<div
  className="featured-container"
>
  <div
    className="list-heading"
  >
    <h1>
      Hotel List
    </h1>
  </div>
</div>
`;
